✔ required variant selection is a non-collapsible workspace (9.143084ms)
✔ stale result recovery follows next_action instead of exposing recheck early (3.564667ms)
✔ navigator never reports Vehicle confirmed while exact variant is required (2.28175ms)
✔ confirmed optional reselection remains collapsible (2.0695ms)
✔ ET verdict copy uses one value when the reference interval is a single point (1.850458ms)
✔ ET verdict copy keeps both endpoints for a real interval (3.2205ms)
✔ Standard Check uses canonical IDs only, locks mutations and rejects duplicate start (47.021708ms)
✔ Standard Check requires server progression and discards a response after navigation (1.959542ms)
✔ history hydrates the current overview summary and ignores a late detail after navigation (32.636375ms)
✔ changing SKU keeps an identical accepted value pending for the new source context (6.833875ms)
✔ changing SKU clears an accepted field that the new SKU does not provide (5.04475ms)
✔ changing SKU leaves changed source values pending and preserves manual source conflicts (3.512208ms)
✔ bridge URL change clears old resolver provenance while preserving manual values and rear draft (3.512584ms)
✔ URL replacement followed by the Save action cannot PATCH mixed old SKU provenance (3.12925ms)
✔ mutation current_check false remains stale after detail refresh 503 (2.815833ms)
✔ mutation current_check false remains stale after detail refresh 200 (3.005667ms)
✔ mutation without canonical revision change does not mark a current check stale (3.204917ms)
✔ SAVE_VEHICLE_PRESERVES_SECTION (4.046666ms)
✔ SINGLE_AUTO_VARIANT_PRESERVES_SECTION (3.354959ms)
✔ MANUAL_VARIANT_PRESERVES_SECTION (2.6515ms)
✔ RESELECT_PRESERVES_SECTION (2.608833ms)
✔ VARIANT_409_PRESERVES_SECTION (2.673291ms)
✔ SAVE_RIM_PRESERVES_SECTION (2.312ms)
✔ OVERVIEW_REFRESH_PRESERVES_USER_SECTION (5.91ms)
✔ EXPLICIT_NAVIGATION_CHANGES_SECTION (1.568041ms)
✔ RESULT_RECOVERY_EXPLICIT_NAVIGATION (1.608375ms)
✔ initial Fitment entry may choose its section from next_action (1.664125ms)
✔ CLEAN_CONFIRMED_LOAD_IS_SUMMARY (2.375333ms)
✔ REAL_VEHICLE_DRAFT_RESTORES_EDITOR (5.051917ms)
✔ LEGACY_FALSE_DIRTY_DRAFT_SELF_HEALS (2.380375ms)
✔ LEGACY_FALSE_VEHICLE_DIRTY_PRESERVES_RIM_DRAFT (2.010208ms)
✔ CANONICAL_ALIAS_ONLY_IS_NOT_DIRTY (2.614958ms)
✔ STALE_REVISION_DRAFT_NOT_APPLIED (2.060625ms)
✔ STALE_RIM_REVISION_DRAFT_IS_REPLACED_BY_CANONICAL_VALUES (2.719125ms)
✔ revision change vehicle_revision discards both branches and replaces stored baseline (2.139541ms)
✔ revision change rim_setup_revision discards both branches and replaces stored baseline (1.869958ms)
✔ revision change rim_revision discards both branches and replaces stored baseline (2.101083ms)
✔ SAVE_SINGLE_CONFIRM_RELOAD_IS_SUMMARY (2.63125ms)
✔ RIM_DRAFT_PRESERVED_AFTER_VEHICLE_REBASE (2.901625ms)
✔ RIM_DRAFT_SURVIVES_VEHICLE_REBASE (1.861791ms)
✔ PASSIVE_CATALOGUE_REVALIDATION_CREATES_DIRTY is NO (1.790208ms)
✔ USER_VEHICLE_EDIT_REMAINS_DIRTY_AFTER_REVALIDATION (1.525208ms)
✔ RIM_DIRTY_SURVIVES_PASSIVE_VEHICLE_REVALIDATION (1.503291ms)
✔ SINGLE_AUTO_CONFIRM_FINAL_WORKSPACE remains SUMMARY after catalogue hydration (1.513125ms)
✔ RIM_CARD_EDITOR_PCD_CONSISTENCY uses one effective RimSpec (1.251791ms)
✔ V2_PCD_PRESET_HYDRATES_VISIBLE_SELECT (8.350417ms)
✔ V2_PCD_EMPTY_STAYS_EMPTY (2.584958ms)
✔ V2_PCD_CUSTOM_PRESERVES_VALUE (2.252667ms)
✔ PCD_CONTROL_SYNC_IS_NON_MUTATING (2.040708ms)
✔ CANONICAL_RIM_WINS_OVER_RICHER_LEGACY_RIM (2.099708ms)
✔ RIM_ONLY_PATCH_CONTAINS_VEHICLE is NO and preserves existing PCD (1.722292ms)
✔ RIM_ONLY_SAVE_BOUNDARY sends the real PATCH without Vehicle (3.754333ms)
✔ WHEEL_ONLY_SAVE works while Vehicle is unconfirmed and keeps its revision (4.575292ms)
✔ Wheel Save closes its editor and leaves Standard Check enabled from server next_action (5.852708ms)
✔ canonical revision change keeps previous evidence visibly stale when detail refresh fails or lies current (2.031625ms)
✔ Wheel save preserves an unsaved Vehicle draft with a new server baseline (2.19225ms)
✔ demo Wheel save keeps Vehicle progression authoritative (2.015584ms)
✔ Vehicle-only Save excludes Wheel fields and retains both axle drafts and acceptance (2.230667ms)
✔ Vehicle variant refresh preserves Wheel draft only while its authoritative revisions match (2.668209ms)
✔ resolver compares proposals with confirmed Wheel values without changing canonical data (1.909333ms)
✔ photo replacement and recognition remain local until catalogue/variant Save (3.527875ms)
✔ VNext single variant is preselected locally and waits for explicit Apply (2.07225ms)
✔ optional vehicle reselection opens choices and Cancel restores the confirmed summary (2.24025ms)
✔ optional vehicle reselection opens from the VNext action while the wheel editor is active (8.057958ms)
✔ failed vehicle variant Apply keeps the picker and selection available (1.943209ms)
✔ late overview success, 500, and 401 cannot replace a newly opened Fitment job (7.002833ms)
✔ late Wheel Save response from Job A cannot overwrite Job B (1.593625ms)
✔ accepting a resolver proposal is local and Save waits for explicit confirmation (1.6515ms)
✔ manual Wheel fallback does not implicitly accept existing resolver proposals (1.612ms)
✔ late resolver proposals cannot overwrite manual fallback or a newer URL (3.728417ms)
✔ staggered copies front proposals once and preserves an independently edited rear draft (1.882459ms)
✔ repeating one resolver proposal keeps it pending until explicit acceptance (1.65225ms)
✔ SKU change replaces unresolved system values, invalidates changed accepted values, and preserves manual fields (1.629125ms)
✔ opening and cancelling another SKU preserves accepted A; selecting B invalidates A (1.574541ms)
✔ a newly required Vehicle workspace preserves and resumes the Wheel draft (4.0925ms)
✔ manual Wheel fallback removes resolver provenance while preserving explicit values (1.72675ms)
✔ implicit VNext save does not mutate and navigation resets history loading (3.273292ms)
✔ Standard summaries contain confirmed canonical values, never the edited Wheel draft (8.439083ms)
✔ guest Vehicle Save opens the real demo exact-variant lookup (2.56625ms)
✔ readonly SKU lookup and cancel retain A, and reopening B uses the newly returned fingerprint (1.60325ms)
✔ a valid multi-SKU resolver response is a chooser, even without shared top-level values (2.834875ms)
✔ owner chips require explicit conflict resolution for ET and DIA while preserving canonical values (6.581334ms)
✔ final UI gate runtime offset_et_mm keep: zero pending plus conflict never claims all confirmed (2.912125ms)
✔ final UI gate runtime offset_et_mm use: zero pending plus conflict never claims all confirmed (2.540209ms)
✔ final UI gate runtime center_bore_mm keep: zero pending plus conflict never claims all confirmed (2.556917ms)
✔ final UI gate runtime center_bore_mm use: zero pending plus conflict never claims all confirmed (3.440208ms)
✔ final UI gate runtime wheel_width_j keep: zero pending plus conflict never claims all confirmed (2.336292ms)
✔ final UI gate runtime wheel_width_j use: zero pending plus conflict never claims all confirmed (2.43825ms)
✔ fidelity fixture readiness uses the runtime builder and never supplies synthetic readiness fields (0.983875ms)
✔ demo fixture market identifiers use the provider slug without a duplicate China alias (4.088042ms)
✔ H1-A canonical catalogue labels map to stable selectors without changing canonical data (4.09875ms)
✔ H1-B/C/D/G single market: Save then explicit Confirm keeps selection and completed Wheel intact (7.400667ms)
✔ H1-B/C/E/G multi market: Save then explicit Confirm keeps selection and completed Wheel intact (9.105917ms)
✔ H1-F edit after Save returns to Save and rejects an obsolete Confirm action (8.977375ms)
✔ P0-A: saved Wheel source is automatically resolved only on first entry (2.688333ms)
✔ M2-A triage: manually completing absent geometry drops selected commercial SKU identity (1.7295ms)
✔ M2-B triage: manual geometry remains accepted when another SKU lacks geometry (1.737208ms)
✔ Final HIGH T1–T4/T7: confirm-vehicle owns Vehicle PATCH from vehicle (3.022958ms)
✔ Final HIGH T1–T4/T7: confirm-vehicle owns Vehicle PATCH from rim (2.4815ms)
✔ Final HIGH T1–T4/T7: confirm-vehicle owns Vehicle PATCH from result (2.209167ms)
✔ Final HIGH T6: confirm response 409 cannot report success (1.783709ms)
✔ Final HIGH T6: confirm response 503 cannot report success (1.689459ms)
✔ Final HIGH T6: confirm response 200 without confirmation cannot report success (1.764958ms)
✔ Final HIGH T5: explicit intent rejects edited, incomplete, non-proposed and revisionless Vehicle (2.242708ms)
✔ Wheel → recognition → Vehicle preserves the Wheel draft and canonical revisions (2.883416ms)
✔ a recognition reply after switching to Wheel does not reopen Vehicle workspace (2.56325ms)
✔ P0-A: AI vehicle snapshots never name Result, History or failed cards (1.485458ms)
✔ P0-A: successful automatic URL resolution is not retried on reopen or session guard reset (2.444416ms)
✔ P0-A: failed automatic URL resolution is not retried on reopen or session guard reset (2.147666ms)
✔ P0-A: Fitment without product URL never auto-resolves a source (1.875041ms)
✔ P0-A corrective: disabled resolver releases browser claim for a later enabled entry (2.394834ms)
✔ P0-B domain dirty normalizes decimals and empty values, keeps ET zero and checks all Wheel fields (3.066583ms)
✔ P0-B Wheel Save advances only canonical Wheel and preserves edits made while PATCH is in flight (3.203625ms)
✔ P0-B invalid dirty Save opens Wheel editor without PATCH or Check (2.051917ms)
✔ P0-B launch failure is separate from failed execution and retry uses a new canonical request (3.333083ms)
✔ P0-B wheel source follows canonical URL or photo and hides credentials/query (1.769208ms)
✔ P0-B expiry displays all positive active buckets sorted nearest first, permanent last (34.81075ms)
✔ P0-B a Wheel edit during currentness refresh cannot become the saved baseline (4.676417ms)
✔ MEDIUM-1 launch failure is superseded by successful Wheel Save, with current summary and no fake execution (3.051167ms)
✔ MEDIUM-1 successful Vehicle canonical Save supersedes launch failure (2.820709ms)
✔ MEDIUM-1 authoritative reload clears launch failure and current Check wins including backend failure (11.113583ms)
✔ MEDIUM-1 failed or invalid overview reload retains launch failure (6.923ms)
✔ MEDIUM-1 invalid Save, failed Save and editor interactions retain launch failure (2.713333ms)
✔ MEDIUM-1 successful Save clears local failure without resurrecting a stale verdict or losing a newer Wheel edit (3.320666ms)
✔ MEDIUM-1 guarded authoritative Check read clears flag while failed and rejected stale reads retain it (6.59ms)
✔ MEDIUM-1 a late overview from a superseded context cannot clear the current launch failure (2.342875ms)
✔ MEDIUM-1 Retry and reopening Fitment preserve existing reset semantics (2.88875ms)
✔ P0-C1b same-value explicit Vehicle Save still sends Vehicle; Wheel stays independent (3.693458ms)
✔ one stale build triggers at most one reload per session (9.30775ms)
✔ Telegram restores the last top-level view after a fresh boot (3.451709ms)
✔ job-specific views do not replace the saved top-level view (3.099917ms)
✔ M4 triage: authenticated website boot skips a normal completed Fitment context restoration (2.064917ms)
ℹ tests 132
ℹ suites 0
ℹ pass 132
ℹ fail 0
ℹ cancelled 0
ℹ skipped 0
ℹ todo 0
ℹ duration_ms 1979.927541
