✔ required variant selection is a non-collapsible workspace (9.654417ms)
✔ stale result recovery follows next_action instead of exposing recheck early (2.991583ms)
✔ navigator never reports Vehicle confirmed while exact variant is required (3.175917ms)
✔ confirmed optional reselection remains collapsible (1.862041ms)
✔ ET verdict copy uses one value when the reference interval is a single point (1.8475ms)
✔ ET verdict copy keeps both endpoints for a real interval (2.135208ms)
✔ Standard Check uses canonical IDs only, locks mutations and rejects duplicate start (38.689334ms)
✔ Standard Check requires server progression and discards a response after navigation (1.84475ms)
✔ history hydrates the current overview summary and ignores a late detail after navigation (8.276625ms)
✔ changing SKU keeps an identical accepted value pending for the new source context (2.840958ms)
✔ changing SKU clears an accepted field that the new SKU does not provide (2.582417ms)
✔ changing SKU leaves changed source values pending and preserves manual source conflicts (2.14275ms)
✔ bridge URL change clears old resolver provenance while preserving manual values and rear draft (2.232792ms)
✔ URL replacement followed by the Save action cannot PATCH mixed old SKU provenance (3.084667ms)
✔ mutation current_check false remains stale after detail refresh 503 (3.190708ms)
✔ mutation current_check false remains stale after detail refresh 200 (2.264917ms)
✔ mutation without canonical revision change does not mark a current check stale (2.377208ms)
✔ SAVE_VEHICLE_PRESERVES_SECTION (2.562292ms)
✔ SINGLE_AUTO_VARIANT_PRESERVES_SECTION (2.931042ms)
✔ MANUAL_VARIANT_PRESERVES_SECTION (2.526542ms)
✔ RESELECT_PRESERVES_SECTION (3.080875ms)
✔ VARIANT_409_PRESERVES_SECTION (2.471167ms)
✔ SAVE_RIM_PRESERVES_SECTION (2.490209ms)
✔ OVERVIEW_REFRESH_PRESERVES_USER_SECTION (4.825458ms)
✔ EXPLICIT_NAVIGATION_CHANGES_SECTION (1.549167ms)
✔ RESULT_RECOVERY_EXPLICIT_NAVIGATION (1.455417ms)
✔ initial Fitment entry may choose its section from next_action (2.04625ms)
✔ CLEAN_CONFIRMED_LOAD_IS_SUMMARY (2.62025ms)
✔ REAL_VEHICLE_DRAFT_RESTORES_EDITOR (2.027959ms)
✔ LEGACY_FALSE_DIRTY_DRAFT_SELF_HEALS (2.02725ms)
✔ LEGACY_FALSE_VEHICLE_DIRTY_PRESERVES_RIM_DRAFT (1.748291ms)
✔ CANONICAL_ALIAS_ONLY_IS_NOT_DIRTY (2.042875ms)
✔ STALE_REVISION_DRAFT_NOT_APPLIED (1.933625ms)
✔ STALE_RIM_REVISION_DRAFT_IS_REPLACED_BY_CANONICAL_VALUES (4.472208ms)
✔ revision change vehicle_revision discards both branches and replaces stored baseline (2.017959ms)
✔ revision change rim_setup_revision discards both branches and replaces stored baseline (4.031708ms)
✔ revision change rim_revision discards both branches and replaces stored baseline (2.118458ms)
✔ SAVE_SINGLE_CONFIRM_RELOAD_IS_SUMMARY (2.532084ms)
✔ RIM_DRAFT_PRESERVED_AFTER_VEHICLE_REBASE (2.987291ms)
✔ RIM_DRAFT_SURVIVES_VEHICLE_REBASE (2.175625ms)
✔ PASSIVE_CATALOGUE_REVALIDATION_CREATES_DIRTY is NO (1.834291ms)
✔ USER_VEHICLE_EDIT_REMAINS_DIRTY_AFTER_REVALIDATION (1.617083ms)
✔ RIM_DIRTY_SURVIVES_PASSIVE_VEHICLE_REVALIDATION (1.488666ms)
✔ SINGLE_AUTO_CONFIRM_FINAL_WORKSPACE remains SUMMARY after catalogue hydration (1.565959ms)
✔ RIM_CARD_EDITOR_PCD_CONSISTENCY uses one effective RimSpec (1.326458ms)
✔ V2_PCD_PRESET_HYDRATES_VISIBLE_SELECT (7.776625ms)
✔ V2_PCD_EMPTY_STAYS_EMPTY (1.710292ms)
✔ V2_PCD_CUSTOM_PRESERVES_VALUE (1.751792ms)
✔ PCD_CONTROL_SYNC_IS_NON_MUTATING (2.702459ms)
✔ CANONICAL_RIM_WINS_OVER_RICHER_LEGACY_RIM (1.817833ms)
✔ RIM_ONLY_PATCH_CONTAINS_VEHICLE is NO and preserves existing PCD (1.538459ms)
✔ RIM_ONLY_SAVE_BOUNDARY sends the real PATCH without Vehicle (2.537334ms)
✔ WHEEL_ONLY_SAVE works while Vehicle is unconfirmed and keeps its revision (3.460959ms)
✔ Wheel Save closes its editor and leaves Standard Check enabled from server next_action (3.756167ms)
✔ canonical revision change keeps previous evidence visibly stale when detail refresh fails or lies current (1.76975ms)
✔ Wheel save preserves an unsaved Vehicle draft with a new server baseline (1.763333ms)
✔ demo Wheel save keeps Vehicle progression authoritative (1.736916ms)
✔ Vehicle-only Save excludes Wheel fields and retains both axle drafts and acceptance (1.77575ms)
✔ Vehicle variant refresh preserves Wheel draft only while its authoritative revisions match (1.846834ms)
✔ resolver compares proposals with confirmed Wheel values without changing canonical data (1.659208ms)
✔ photo replacement and recognition remain local until catalogue/variant Save (3.845459ms)
✔ VNext single variant is preselected locally and waits for explicit Apply (2.220458ms)
✔ optional vehicle reselection opens choices and Cancel restores the confirmed summary (2.34425ms)
✔ optional vehicle reselection opens from the VNext action while the wheel editor is active (9.200125ms)
✔ failed vehicle variant Apply keeps the picker and selection available (2.382166ms)
✔ late overview success, 500, and 401 cannot replace a newly opened Fitment job (11.112459ms)
✔ late Wheel Save response from Job A cannot overwrite Job B (1.791417ms)
✔ accepting a resolver proposal is local and Save waits for explicit confirmation (1.858417ms)
✔ manual Wheel fallback does not implicitly accept existing resolver proposals (2.301125ms)
✔ late resolver proposals cannot overwrite manual fallback or a newer URL (4.306125ms)
✔ staggered copies front proposals once and preserves an independently edited rear draft (2.879458ms)
✔ repeating one resolver proposal keeps it pending until explicit acceptance (2.530333ms)
✔ SKU change replaces unresolved system values, invalidates changed accepted values, and preserves manual fields (3.431083ms)
✔ opening and cancelling another SKU preserves accepted A; selecting B invalidates A (2.239583ms)
✔ a newly required Vehicle workspace preserves and resumes the Wheel draft (5.421542ms)
✔ manual Wheel fallback removes resolver provenance while preserving explicit values (1.750292ms)
✔ implicit VNext save does not mutate and navigation resets history loading (2.744167ms)
✔ Standard summaries contain confirmed canonical values, never the edited Wheel draft (4.2395ms)
✔ guest Vehicle Save opens the real demo exact-variant lookup (4.051625ms)
✔ readonly SKU lookup and cancel retain A, and reopening B uses the newly returned fingerprint (1.80175ms)
✔ a valid multi-SKU resolver response is a chooser, even without shared top-level values (2.428083ms)
✔ owner chips require explicit conflict resolution for ET and DIA while preserving canonical values (6.429208ms)
✔ final UI gate runtime offset_et_mm keep: zero pending plus conflict never claims all confirmed (2.743709ms)
✔ final UI gate runtime offset_et_mm use: zero pending plus conflict never claims all confirmed (2.480292ms)
✔ final UI gate runtime center_bore_mm keep: zero pending plus conflict never claims all confirmed (2.328042ms)
✔ final UI gate runtime center_bore_mm use: zero pending plus conflict never claims all confirmed (2.175666ms)
✔ final UI gate runtime wheel_width_j keep: zero pending plus conflict never claims all confirmed (2.181041ms)
✔ final UI gate runtime wheel_width_j use: zero pending plus conflict never claims all confirmed (2.617042ms)
✔ fidelity fixture readiness uses the runtime builder and never supplies synthetic readiness fields (0.611709ms)
✔ demo fixture market identifiers use the provider slug without a duplicate China alias (3.091875ms)
✔ H1-A canonical catalogue labels map to stable selectors without changing canonical data (2.484291ms)
✔ H1-B/C/D/G single market: Save then explicit Confirm keeps selection and completed Wheel intact (6.339833ms)
✔ H1-B/C/E/G multi market: Save then explicit Confirm keeps selection and completed Wheel intact (6.138458ms)
✔ H1-F edit after Save returns to Save and rejects an obsolete Confirm action (3.98575ms)
✔ P0-A: saved Wheel source is automatically resolved only on first entry (10.430041ms)
✔ M2-A triage: manually completing absent geometry drops selected commercial SKU identity (1.779417ms)
✔ M2-B triage: manual geometry remains accepted when another SKU lacks geometry (1.82875ms)
✔ Final HIGH T1–T4/T7: confirm-vehicle owns Vehicle PATCH from vehicle (2.736208ms)
✔ Final HIGH T1–T4/T7: confirm-vehicle owns Vehicle PATCH from rim (2.82725ms)
✔ Final HIGH T1–T4/T7: confirm-vehicle owns Vehicle PATCH from result (2.473625ms)
✔ Final HIGH T6: confirm response 409 cannot report success (2.292375ms)
✔ Final HIGH T6: confirm response 503 cannot report success (2.35575ms)
✔ Final HIGH T6: confirm response 200 without confirmation cannot report success (1.81925ms)
✔ Final HIGH T5: explicit intent rejects edited, incomplete, non-proposed and revisionless Vehicle (1.896ms)
✔ Wheel → recognition → Vehicle preserves the Wheel draft and canonical revisions (2.770042ms)
✔ a recognition reply after switching to Wheel does not reopen Vehicle workspace (2.694958ms)
✔ P0-A: AI vehicle snapshots never name Result, History or failed cards (1.603916ms)
✔ P0-A: successful automatic URL resolution is not retried on reopen or session guard reset (2.702875ms)
✔ P0-A: failed automatic URL resolution is not retried on reopen or session guard reset (2.931542ms)
✔ P0-A: Fitment without product URL never auto-resolves a source (1.981625ms)
✔ P0-A corrective: disabled resolver releases browser claim for a later enabled entry (2.237167ms)
✔ P0-B domain dirty normalizes decimals and empty values, keeps ET zero and checks all Wheel fields (2.869875ms)
✔ P0-B Wheel Save advances only canonical Wheel and preserves edits made while PATCH is in flight (3.277666ms)
✔ P0-B invalid dirty Save opens Wheel editor without PATCH or Check (1.884167ms)
✔ P0-B launch failure is separate from failed execution and retry uses a new canonical request (3.571458ms)
✔ P0-B wheel source follows canonical URL or photo and hides credentials/query (2.042417ms)
✔ P0-B expiry displays all positive active buckets sorted nearest first, permanent last (18.382708ms)
✔ P0-B a Wheel edit during currentness refresh cannot become the saved baseline (3.489917ms)
✔ MEDIUM-1 launch failure is superseded by successful Wheel Save, with current summary and no fake execution (3.469958ms)
✔ MEDIUM-1 successful Vehicle canonical Save supersedes launch failure (3.286709ms)
✔ MEDIUM-1 authoritative reload clears launch failure and current Check wins including backend failure (10.671ms)
✔ MEDIUM-1 failed or invalid overview reload retains launch failure (10.858167ms)
✔ MEDIUM-1 invalid Save, failed Save and editor interactions retain launch failure (2.4955ms)
✔ MEDIUM-1 successful Save clears local failure without resurrecting a stale verdict or losing a newer Wheel edit (3.429083ms)
✔ MEDIUM-1 guarded authoritative Check read clears flag while failed and rejected stale reads retain it (8.059958ms)
✔ MEDIUM-1 a late overview from a superseded context cannot clear the current launch failure (3.257208ms)
✔ MEDIUM-1 Retry and reopening Fitment preserve existing reset semantics (2.358625ms)
✔ P0-C1b same-value explicit Vehicle Save still sends Vehicle; Wheel stays independent (2.166916ms)
✔ one stale build triggers at most one reload per session (8.395042ms)
✔ Telegram restores the last top-level view after a fresh boot (3.020375ms)
✔ job-specific views do not replace the saved top-level view (4.1975ms)
✔ M4 triage: authenticated website boot skips a normal completed Fitment context restoration (2.319083ms)
ℹ tests 132
ℹ suites 0
ℹ pass 132
ℹ fail 0
ℹ cancelled 0
ℹ skipped 0
ℹ todo 0
ℹ duration_ms 1913.163167
