✔ required variant selection is a non-collapsible workspace (13.200416ms)
✔ stale result recovery follows next_action instead of exposing recheck early (4.779375ms)
✔ navigator never reports Vehicle confirmed while exact variant is required (3.013667ms)
✔ confirmed optional reselection remains collapsible (2.867958ms)
✔ ET verdict copy uses one value when the reference interval is a single point (2.427958ms)
✔ ET verdict copy keeps both endpoints for a real interval (2.754708ms)
✔ Standard Check uses canonical IDs only, locks mutations and rejects duplicate start (63.608667ms)
✔ Standard Check requires server progression and discards a response after navigation (2.673542ms)
✔ history hydrates the current overview summary and ignores a late detail after navigation (13.48925ms)
✔ changing SKU keeps an identical accepted value pending for the new source context (4.132625ms)
✔ changing SKU clears an accepted field that the new SKU does not provide (3.197208ms)
✔ changing SKU leaves changed source values pending and preserves manual source conflicts (2.986833ms)
✔ bridge URL change clears old resolver provenance while preserving manual values and rear draft (3.423292ms)
✔ URL replacement followed by the Save action cannot PATCH mixed old SKU provenance (4.669709ms)
✔ mutation current_check false remains stale after detail refresh 503 (4.144584ms)
✔ mutation current_check false remains stale after detail refresh 200 (3.527792ms)
✔ mutation without canonical revision change does not mark a current check stale (3.782ms)
✔ SAVE_VEHICLE_PRESERVES_SECTION (4.845917ms)
✔ SINGLE_AUTO_VARIANT_PRESERVES_SECTION (5.207541ms)
✔ MANUAL_VARIANT_PRESERVES_SECTION (4.7355ms)
✔ RESELECT_PRESERVES_SECTION (30.089916ms)
✔ VARIANT_409_PRESERVES_SECTION (7.783209ms)
✔ SAVE_RIM_PRESERVES_SECTION (3.923417ms)
✔ OVERVIEW_REFRESH_PRESERVES_USER_SECTION (3.055208ms)
✔ EXPLICIT_NAVIGATION_CHANGES_SECTION (3.24575ms)
✔ RESULT_RECOVERY_EXPLICIT_NAVIGATION (6.74825ms)
✔ initial Fitment entry may choose its section from next_action (3.751542ms)
✔ CLEAN_CONFIRMED_LOAD_IS_SUMMARY (3.335ms)
✔ REAL_VEHICLE_DRAFT_RESTORES_EDITOR (8.515375ms)
✔ LEGACY_FALSE_DIRTY_DRAFT_SELF_HEALS (4.203292ms)
✔ LEGACY_FALSE_VEHICLE_DIRTY_PRESERVES_RIM_DRAFT (6.52925ms)
✔ CANONICAL_ALIAS_ONLY_IS_NOT_DIRTY (5.320625ms)
✔ STALE_REVISION_DRAFT_NOT_APPLIED (6.173959ms)
✔ STALE_RIM_REVISION_DRAFT_IS_REPLACED_BY_CANONICAL_VALUES (3.966834ms)
✔ revision change vehicle_revision discards both branches and replaces stored baseline (3.147708ms)
✔ revision change rim_setup_revision discards both branches and replaces stored baseline (4.925041ms)
✔ revision change rim_revision discards both branches and replaces stored baseline (2.831959ms)
✔ SAVE_SINGLE_CONFIRM_RELOAD_IS_SUMMARY (3.756541ms)
✔ RIM_DRAFT_PRESERVED_AFTER_VEHICLE_REBASE (2.613417ms)
✔ RIM_DRAFT_SURVIVES_VEHICLE_REBASE (2.671833ms)
✔ PASSIVE_CATALOGUE_REVALIDATION_CREATES_DIRTY is NO (3.193167ms)
✔ USER_VEHICLE_EDIT_REMAINS_DIRTY_AFTER_REVALIDATION (2.496167ms)
✔ RIM_DIRTY_SURVIVES_PASSIVE_VEHICLE_REVALIDATION (2.596625ms)
✔ SINGLE_AUTO_CONFIRM_FINAL_WORKSPACE remains SUMMARY after catalogue hydration (2.5175ms)
✔ RIM_CARD_EDITOR_PCD_CONSISTENCY uses one effective RimSpec (2.22125ms)
✔ V2_PCD_PRESET_HYDRATES_VISIBLE_SELECT (13.353708ms)
✔ V2_PCD_EMPTY_STAYS_EMPTY (3.133833ms)
✔ V2_PCD_CUSTOM_PRESERVES_VALUE (6.30075ms)
✔ PCD_CONTROL_SYNC_IS_NON_MUTATING (2.955458ms)
✔ CANONICAL_RIM_WINS_OVER_RICHER_LEGACY_RIM (4.784333ms)
✔ RIM_ONLY_PATCH_CONTAINS_VEHICLE is NO and preserves existing PCD (2.305834ms)
✔ RIM_ONLY_SAVE_BOUNDARY sends the real PATCH without Vehicle (2.75225ms)
✔ WHEEL_ONLY_SAVE works while Vehicle is unconfirmed and keeps its revision (2.86625ms)
✔ Wheel Save closes its editor and leaves Standard Check enabled from server next_action (6.460042ms)
✔ canonical revision change keeps previous evidence visibly stale when detail refresh fails or lies current (3.027291ms)
✔ Wheel save preserves an unsaved Vehicle draft with a new server baseline (3.853458ms)
✔ demo Wheel save keeps Vehicle progression authoritative (3.77225ms)
✔ Vehicle-only Save excludes Wheel fields and retains both axle drafts and acceptance (3.374167ms)
✔ Vehicle variant refresh preserves Wheel draft only while its authoritative revisions match (3.291917ms)
✔ resolver compares proposals with confirmed Wheel values without changing canonical data (2.599208ms)
✔ photo replacement and recognition remain local until catalogue/variant Save (8.516791ms)
✔ VNext single variant is preselected locally and waits for explicit Apply (3.61325ms)
✔ optional vehicle reselection opens choices and Cancel restores the confirmed summary (3.37125ms)
✔ optional vehicle reselection opens from the VNext action while the wheel editor is active (18.789125ms)
✔ failed vehicle variant Apply keeps the picker and selection available (2.710834ms)
✔ late overview success, 500, and 401 cannot replace a newly opened Fitment job (9.003083ms)
✔ late Wheel Save response from Job A cannot overwrite Job B (2.9315ms)
✔ accepting a resolver proposal is local and Save waits for explicit confirmation (2.949333ms)
✔ manual Wheel fallback does not implicitly accept existing resolver proposals (3.924375ms)
✔ late resolver proposals cannot overwrite manual fallback or a newer URL (4.978208ms)
✔ staggered copies front proposals once and preserves an independently edited rear draft (2.884416ms)
✔ repeating one resolver proposal keeps it pending until explicit acceptance (3.611542ms)
✔ SKU change replaces unresolved system values, invalidates changed accepted values, and preserves manual fields (2.861875ms)
✔ opening and cancelling another SKU preserves accepted A; selecting B invalidates A (2.63675ms)
✔ a newly required Vehicle workspace preserves and resumes the Wheel draft (9.601958ms)
✔ manual Wheel fallback removes resolver provenance while preserving explicit values (2.521ms)
✔ implicit VNext save does not mutate and navigation resets history loading (3.336584ms)
✔ Standard summaries contain confirmed canonical values, never the edited Wheel draft (3.830334ms)
✔ guest Vehicle Save opens the real demo exact-variant lookup (3.793458ms)
✔ readonly SKU lookup and cancel retain A, and reopening B uses the newly returned fingerprint (2.575042ms)
✔ a valid multi-SKU resolver response is a chooser, even without shared top-level values (3.751458ms)
✔ owner chips require explicit conflict resolution for ET and DIA while preserving canonical values (10.8255ms)
✔ final UI gate runtime offset_et_mm keep: zero pending plus conflict never claims all confirmed (4.513791ms)
✔ final UI gate runtime offset_et_mm use: zero pending plus conflict never claims all confirmed (4.106917ms)
✔ final UI gate runtime center_bore_mm keep: zero pending plus conflict never claims all confirmed (4.388583ms)
✔ final UI gate runtime center_bore_mm use: zero pending plus conflict never claims all confirmed (7.195791ms)
✔ final UI gate runtime wheel_width_j keep: zero pending plus conflict never claims all confirmed (3.553625ms)
✔ final UI gate runtime wheel_width_j use: zero pending plus conflict never claims all confirmed (3.906834ms)
✔ fidelity fixture readiness uses the runtime builder and never supplies synthetic readiness fields (0.739958ms)
✔ demo fixture market identifiers use the provider slug without a duplicate China alias (2.223625ms)
✔ H1-A canonical catalogue labels map to stable selectors without changing canonical data (4.665ms)
✔ H1-B/C/D/G single market: Save then explicit Confirm keeps selection and completed Wheel intact (10.34775ms)
✔ H1-B/C/E/G multi market: Save then explicit Confirm keeps selection and completed Wheel intact (5.4895ms)
✔ H1-F edit after Save returns to Save and rejects an obsolete Confirm action (5.067458ms)
✔ P0-A: saved Wheel source is automatically resolved only on first entry (4.459709ms)
✔ M2-A triage: manually completing absent geometry drops selected commercial SKU identity (2.919458ms)
✔ M2-B triage: manual geometry remains accepted when another SKU lacks geometry (4.408875ms)
✔ Final HIGH T1–T4/T7: confirm-vehicle owns Vehicle PATCH from vehicle (7.978792ms)
✔ Final HIGH T1–T4/T7: confirm-vehicle owns Vehicle PATCH from rim (4.40525ms)
✔ Final HIGH T1–T4/T7: confirm-vehicle owns Vehicle PATCH from result (4.103584ms)
✔ Final HIGH T6: confirm response 409 cannot report success (3.230667ms)
✔ Final HIGH T6: confirm response 503 cannot report success (3.126833ms)
✔ Final HIGH T6: confirm response 200 without confirmation cannot report success (3.631291ms)
✔ Final HIGH T5: explicit intent rejects edited, incomplete, non-proposed and revisionless Vehicle (3.437459ms)
✔ Wheel → recognition → Vehicle preserves the Wheel draft and canonical revisions (4.96975ms)
✔ a recognition reply after switching to Wheel does not reopen Vehicle workspace (4.20375ms)
✔ P0-A: AI vehicle snapshots never name Result, History or failed cards (4.693833ms)
✔ P0-A: successful automatic URL resolution is not retried on reopen or session guard reset (4.444792ms)
✔ P0-A: failed automatic URL resolution is not retried on reopen or session guard reset (3.254083ms)
✔ P0-A: Fitment without product URL never auto-resolves a source (2.8575ms)
✔ P0-A corrective: disabled resolver releases browser claim for a later enabled entry (5.518334ms)
✔ P0-B domain dirty normalizes decimals and empty values, keeps ET zero and checks all Wheel fields (6.913166ms)
✔ P0-B Wheel Save advances only canonical Wheel and preserves edits made while PATCH is in flight (4.390417ms)
✔ P0-B invalid dirty Save opens Wheel editor without PATCH or Check (3.858583ms)
✔ P0-B launch failure is separate from failed execution and retry uses a new canonical request (9.3425ms)
✔ P0-B wheel source follows canonical URL or photo and hides credentials/query (2.297542ms)
✔ P0-B expiry displays all positive active buckets sorted nearest first, permanent last (148.507625ms)
✔ P0-B a Wheel edit during currentness refresh cannot become the saved baseline (21.657208ms)
✔ MEDIUM-1 launch failure is superseded by successful Wheel Save, with current summary and no fake execution (18.728042ms)
✔ MEDIUM-1 successful Vehicle canonical Save supersedes launch failure (31.328083ms)
✔ MEDIUM-1 authoritative reload clears launch failure and current Check wins including backend failure (46.863375ms)
✔ MEDIUM-1 failed or invalid overview reload retains launch failure (23.35575ms)
✔ MEDIUM-1 invalid Save, failed Save and editor interactions retain launch failure (6.237708ms)
✔ MEDIUM-1 successful Save clears local failure without resurrecting a stale verdict or losing a newer Wheel edit (9.359375ms)
✔ MEDIUM-1 guarded authoritative Check read clears flag while failed and rejected stale reads retain it (17.088542ms)
✔ MEDIUM-1 a late overview from a superseded context cannot clear the current launch failure (4.413958ms)
✔ MEDIUM-1 Retry and reopening Fitment preserve existing reset semantics (5.570334ms)
✔ P0-C1b same-value explicit Vehicle Save still sends Vehicle; Wheel stays independent (5.818875ms)
✔ one stale build triggers at most one reload per session (12.512458ms)
✔ Telegram restores the last top-level view after a fresh boot (4.543ms)
✔ job-specific views do not replace the saved top-level view (4.009417ms)
✔ M4 triage: authenticated website boot skips a normal completed Fitment context restoration (3.227542ms)
ℹ tests 132
ℹ suites 0
ℹ pass 132
ℹ fail 0
ℹ cancelled 0
ℹ skipped 0
ℹ todo 0
ℹ duration_ms 2500.264709
